{"timestamp":"2026-05-11T17:26:02.386942Z","level":"info","event":"setup plugin alembic.autogenerate.schemas","logger":"alembic.runtime.plugins","filename":"plugins.py","lineno":37}
{"timestamp":"2026-05-11T17:26:02.387027Z","level":"info","event":"setup plugin alembic.autogenerate.tables","logger":"alembic.runtime.plugins","filename":"plugins.py","lineno":37}
{"timestamp":"2026-05-11T17:26:02.387062Z","level":"info","event":"setup plugin alembic.autogenerate.types","logger":"alembic.runtime.plugins","filename":"plugins.py","lineno":37}
{"timestamp":"2026-05-11T17:26:02.387087Z","level":"info","event":"setup plugin alembic.autogenerate.constraints","logger":"alembic.runtime.plugins","filename":"plugins.py","lineno":37}
{"timestamp":"2026-05-11T17:26:02.387109Z","level":"info","event":"setup plugin alembic.autogenerate.defaults","logger":"alembic.runtime.plugins","filename":"plugins.py","lineno":37}
{"timestamp":"2026-05-11T17:26:02.387129Z","level":"info","event":"setup plugin alembic.autogenerate.comments","logger":"alembic.runtime.plugins","filename":"plugins.py","lineno":37}
{"timestamp":"2026-05-11T17:26:02.463050Z","level":"info","event":"DAG bundles loaded: dags-folder, example_dags","logger":"airflow.dag_processing.bundles.manager.DagBundlesManager","filename":"manager.py","lineno":209}
{"timestamp":"2026-05-11T17:26:02.463279Z","level":"info","event":"Filling up the DagBag from /Users/hager/work/dev/crypto-pipeline/dags/crypto_dag.py","logger":"airflow.dag_processing.dagbag.BundleDagBag","filename":"dagbag.py","lineno":469}
{"timestamp":"2026-05-11T17:26:02.510295Z","level":"warning","event":"The `airflow.operators.python.PythonOperator` attribute is deprecated. Please use `'airflow.providers.standard.operators.python.PythonOperator'`.","category":"UserWarning","filename":"/Users/hager/work/dev/crypto-pipeline/dags/crypto_dag.py","lineno":2,"logger":"py.warnings"}
{"timestamp":"2026-05-11T17:26:02.518172Z","level":"info","event":"Task instance is in running state","logger":"task.stdout"}
{"timestamp":"2026-05-11T17:26:02.518231Z","level":"info","event":" Previous state of the Task instance: TaskInstanceState.QUEUED","logger":"task.stdout"}
{"timestamp":"2026-05-11T17:26:02.518403Z","level":"info","event":"Current task name:transform_to_gold","logger":"task.stdout"}
{"timestamp":"2026-05-11T17:26:02.518432Z","level":"info","event":"Dag name:crypto_pipeline","logger":"task.stdout"}
{"timestamp":"2026-05-11T17:26:02.544115Z","level":"info","event":"Read 12 rows from silver table","logger":"task.stdout"}
{"timestamp":"2026-05-11T17:26:02.546118Z","level":"info","event":"Cleaned: 12 rows remaining","logger":"task.stdout"}
{"timestamp":"2026-05-11T17:26:02.549164Z","level":"info","event":"Aggregated into 12 summary rows","logger":"task.stdout"}
{"timestamp":"2026-05-11T17:26:02.555475Z","level":"info","event":"✓ Gold: 12 rows written to crypto_daily_summary","logger":"task.stdout"}
{"timestamp":"2026-05-11T17:26:02.555509Z","level":"info","event":"Done. Returned value was: None","logger":"airflow.task.operators.airflow.providers.standard.operators.python.PythonOperator","filename":"python.py","lineno":229}
{"timestamp":"2026-05-11T17:26:02.560901Z","level":"info","event":"Task instance in success state","logger":"task.stdout"}
{"timestamp":"2026-05-11T17:26:02.560950Z","level":"info","event":" Previous state of the Task instance: TaskInstanceState.RUNNING","logger":"task.stdout"}
{"timestamp":"2026-05-11T17:26:02.561203Z","level":"info","event":"Task operator:<Task(PythonOperator): transform_to_gold>","logger":"task.stdout"}
