{"timestamp":"2026-05-11T17:18:16.587607Z","level":"info","event":"setup plugin alembic.autogenerate.schemas","logger":"alembic.runtime.plugins","filename":"plugins.py","lineno":37}
{"timestamp":"2026-05-11T17:18:16.587690Z","level":"info","event":"setup plugin alembic.autogenerate.tables","logger":"alembic.runtime.plugins","filename":"plugins.py","lineno":37}
{"timestamp":"2026-05-11T17:18:16.587727Z","level":"info","event":"setup plugin alembic.autogenerate.types","logger":"alembic.runtime.plugins","filename":"plugins.py","lineno":37}
{"timestamp":"2026-05-11T17:18:16.587753Z","level":"info","event":"setup plugin alembic.autogenerate.constraints","logger":"alembic.runtime.plugins","filename":"plugins.py","lineno":37}
{"timestamp":"2026-05-11T17:18:16.587776Z","level":"info","event":"setup plugin alembic.autogenerate.defaults","logger":"alembic.runtime.plugins","filename":"plugins.py","lineno":37}
{"timestamp":"2026-05-11T17:18:16.587798Z","level":"info","event":"setup plugin alembic.autogenerate.comments","logger":"alembic.runtime.plugins","filename":"plugins.py","lineno":37}
{"timestamp":"2026-05-11T17:18:16.673532Z","level":"info","event":"DAG bundles loaded: dags-folder, example_dags","logger":"airflow.dag_processing.bundles.manager.DagBundlesManager","filename":"manager.py","lineno":209}
{"timestamp":"2026-05-11T17:18:16.673810Z","level":"info","event":"Filling up the DagBag from /Users/hager/work/dev/crypto-pipeline/dags/crypto_dag.py","logger":"airflow.dag_processing.dagbag.BundleDagBag","filename":"dagbag.py","lineno":469}
{"timestamp":"2026-05-11T17:18:16.726780Z","level":"warning","event":"The `airflow.operators.python.PythonOperator` attribute is deprecated. Please use `'airflow.providers.standard.operators.python.PythonOperator'`.","category":"UserWarning","filename":"/Users/hager/work/dev/crypto-pipeline/dags/crypto_dag.py","lineno":2,"logger":"py.warnings"}
{"timestamp":"2026-05-11T17:18:16.735740Z","level":"info","event":"Task instance is in running state","logger":"task.stdout"}
{"timestamp":"2026-05-11T17:18:16.735910Z","level":"info","event":" Previous state of the Task instance: TaskInstanceState.QUEUED","logger":"task.stdout"}
{"timestamp":"2026-05-11T17:18:16.736043Z","level":"info","event":"Current task name:load_to_mysql","logger":"task.stdout"}
{"timestamp":"2026-05-11T17:18:16.736102Z","level":"info","event":"Dag name:crypto_pipeline","logger":"task.stdout"}
{"timestamp":"2026-05-11T17:18:16.736833Z","level":"info","event":"✓ Using file: data/raw/crypto_20260511_171815.json","logger":"task.stdout"}
{"timestamp":"2026-05-11T17:18:16.752919Z","level":"info","event":"✗ Bronze failed: 'list' object has no attribute 'execute'","logger":"task.stdout"}
{"timestamp":"2026-05-11T17:18:16.753111Z","level":"error","event":"Task failed with exception","logger":"task","filename":"task_runner.py","lineno":1347,"error_detail":[{"exc_type":"TypeError","exc_value":"'Connection' object is not iterable","exc_notes":[],"syntax_error":null,"is_cause":false,"frames":[{"filename":"/Library/Frameworks/Python.framework/Versions/3.12/lib/python3.12/site-packages/airflow/sdk/execution_time/task_runner.py","lineno":1263,"name":"run"},{"filename":"/Library/Frameworks/Python.framework/Versions/3.12/lib/python3.12/site-packages/airflow/sdk/execution_time/task_runner.py","lineno":1678,"name":"_execute_task"},{"filename":"/Library/Frameworks/Python.framework/Versions/3.12/lib/python3.12/site-packages/airflow/sdk/bases/operator.py","lineno":443,"name":"wrapper"},{"filename":"/Library/Frameworks/Python.framework/Versions/3.12/lib/python3.12/site-packages/airflow/providers/standard/operators/python.py","lineno":227,"name":"execute"},{"filename":"/Library/Frameworks/Python.framework/Versions/3.12/lib/python3.12/site-packages/airflow/providers/standard/operators/python.py","lineno":250,"name":"execute_callable"},{"filename":"/Library/Frameworks/Python.framework/Versions/3.12/lib/python3.12/site-packages/airflow/sdk/execution_time/callback_runner.py","lineno":97,"name":"run"},{"filename":"/Users/hager/work/dev/crypto-pipeline/dags/crypto_dag.py","lineno":44,"name":"task_load"},{"filename":"/Users/hager/work/dev/crypto-pipeline/transform/load.py","lineno":38,"name":"insert_silver"}],"is_group":false,"exceptions":[]}]}
{"timestamp":"2026-05-11T17:18:16.763501Z","level":"info","event":"Task instance in failure state","logger":"task.stdout"}
{"timestamp":"2026-05-11T17:18:16.763844Z","level":"info","event":"Task start","logger":"task.stdout"}
{"timestamp":"2026-05-11T17:18:16.763979Z","level":"info","event":"Task:<Task(PythonOperator): load_to_mysql>","logger":"task.stdout"}
{"timestamp":"2026-05-11T17:18:16.764050Z","level":"info","event":"Failure caused by 'Connection' object is not iterable","logger":"task.stdout"}
